// Jest Snapshot v1, https://goo.gl/fbAQLP

exports[`renders 1`] = `
<DocumentFragment>
  <button
    class="css-rxzkzy"
    data-testid="button"
  >
    Title
  </button>
</DocumentFragment>
`;
