// Jest Snapshot v1, https://goo.gl/fbAQLP

exports[`renders 1`] = `
<DocumentFragment>
  <div
    class="css-1ithia2-Card e1kioe3z0"
  >
    Title
  </div>
</DocumentFragment>
`;
