// Jest Snapshot v1, https://goo.gl/fbAQLP

exports[`renders 1`] = `
<DocumentFragment>
  <a
    class="css-1n4a4ni-Link esh20tv0"
    href="http://www.google.com"
  >
    Google
  </a>
</DocumentFragment>
`;
