// Jest Snapshot v1, https://goo.gl/fbAQLP

exports[`snapshot 1`] = `
<DocumentFragment>
  .emotion-6 {
  border-radius: 30px;
  border: 1px solid #bdbdbd;
  display: -webkit-inline-box;
  display: -webkit-inline-flex;
  display: -ms-inline-flexbox;
  display: inline-flex;
  overflow: hidden;
  box-sizing: border-box;
  -webkit-align-items: center;
  -webkit-box-align: center;
  -ms-flex-align: center;
  align-items: center;
  color: #bdbdbd;
  padding-left: 12px;
}

.emotion-6 .emotion-5 {
  margin-left: auto;
}

.emotion-0 {
  width: 17px;
  height: 17px;
}

.emotion-2 {
  font-family: 'Ubuntu',sans-serif;
  width: 100%;
  outline: none;
  padding: 10px;
  border: none;
  min-width: 200px;
  font-size: 12px;
}

.emotion-4 {
  font-family: 'Ubuntu',sans-serif;
  font-size: 12px;
  color: #fff;
  background-color: #ff6007;
  text-align: center;
  text-transform: uppercase;
  padding: 10px 50px;
  border: none;
  border-radius: 30px;
  outline: none;
  cursor: pointer;
}

.emotion-4:hover {
  opacity: 0.9;
}

<div
    class="emotion-6 emotion-7"
  >
    <div
      class="emotion-0 emotion-1"
    >
      <svg
        fill="none"
        height="17"
        stroke="currentColor"
        stroke-linecap="round"
        stroke-linejoin="round"
        stroke-width="2"
        viewBox="0 0 24 24"
        width="17"
        xmlns="http://www.w3.org/2000/svg"
      >
        <circle
          cx="11"
          cy="11"
          r="8"
        />
        <line
          x1="21"
          x2="16.65"
          y1="21"
          y2="16.65"
        />
      </svg>
    </div>
    <input
      class="emotion-2 emotion-3"
      data-testid="input"
      value=""
    />
    <button
      class="emotion-4 emotion-5"
      data-testid="button"
    >
      Search
    </button>
  </div>
</DocumentFragment>
`;
